[    0.000000] Linux version 4.15.0-124-generic (buildd@lgw01-amd64-029) (gcc version 7.5.0 (Ubuntu 7.5.0-3ubuntu1~18.04)) #127-Ubuntu SMP Fri Nov 6 10:54:43 UTC 2020 (Ubuntu 4.15.0-124.127-generic 4.15.18)
[    0.000000] Command line: BOOT_IMAGE=/boot/vmlinuz-4.15.0-124-generic root=LABEL=cloudimg-rootfs ro console=tty1 console=ttyS0
[    0.000000] KERNEL supported cpus:
[    0.000000]   Intel GenuineIntel
[    0.000000]   AMD AuthenticAMD
[    0.000000]   Centaur CentaurHauls
[    0.000000] x86/fpu: x87 FPU will use FXSAVE
[    0.000000] e820: BIOS-provided physical RAM map:
[    0.000000] BIOS-e820: [mem 0x0000000000000000-0x000000000009fbff] usable
[    0.000000] BIOS-e820: [mem 0x000000000009fc00-0x000000000009ffff] reserved
[    0.000000] BIOS-e820: [mem 0x00000000000f0000-0x00000000000fffff] reserved
[    0.000000] BIOS-e820: [mem 0x0000000000100000-0x000000003ffeffff] usable
[    0.000000] BIOS-e820: [mem 0x000000003fff0000-0x000000003fffffff] ACPI data
[    0.000000] BIOS-e820: [mem 0x00000000fec00000-0x00000000fec00fff] reserved
[    0.000000] BIOS-e820: [mem 0x00000000fee00000-0x00000000fee00fff] reserved
[    0.000000] BIOS-e820: [mem 0x00000000fffc0000-0x00000000ffffffff] reserved
[    0.000000] NX (Execute Disable) protection: active
[    0.000000] SMBIOS 2.5 present.
[    0.000000] DMI: innotek GmbH VirtualBox/VirtualBox, BIOS VirtualBox 12/01/2006
[    0.000000] Hypervisor detected: KVM
[    0.000000] e820: last_pfn = 0x3fff0 max_arch_pfn = 0x400000000
[    0.000000] MTRR: Disabled
[    0.000000] x86/PAT: MTRRs disabled, skipping PAT initialization too.
[    0.000000] CPU MTRRs all blank - virtualized system.
[    0.000000] x86/PAT: Configuration [0-7]: WB  WT  UC- UC  WB  WT  UC- UC  
[    0.000000] found SMP MP-table at [mem 0x0009fff0-0x0009ffff]
[    0.000000] Scanning 1 areas for low memory corruption
[    0.000000] RAMDISK: [mem 0x35a65000-0x36d29fff]
[    0.000000] ACPI: Early table checksum verification disabled
[    0.000000] ACPI: RSDP 0x00000000000E0000 000024 (v02 VBOX  )
[    0.000000] ACPI: XSDT 0x000000003FFF0030 00003C (v01 VBOX   VBOXXSDT 00000001 ASL  00000061)
[    0.000000] ACPI: FACP 0x000000003FFF00F0 0000F4 (v04 VBOX   VBOXFACP 00000001 ASL  00000061)
[    0.000000] ACPI: DSDT 0x000000003FFF0470 002325 (v02 VBOX   VBOXBIOS 00000002 INTL 20100528)
[    0.000000] ACPI: FACS 0x000000003FFF0200 000040
[    0.000000] ACPI: FACS 0x000000003FFF0200 000040
[    0.000000] ACPI: APIC 0x000000003FFF0240 00005C (v02 VBOX   VBOXAPIC 00000001 ASL  00000061)
[    0.000000] ACPI: SSDT 0x000000003FFF02A0 0001CC (v01 VBOX   VBOXCPUT 00000002 INTL 20100528)
[    0.000000] No NUMA configuration found
[    0.000000] Faking a node at [mem 0x0000000000000000-0x000000003ffeffff]
[    0.000000] NODE_DATA(0) allocated [mem 0x3ffc5000-0x3ffeffff]
[    0.000000] kvm-clock: cpu 0, msr 0:3ff44001, primary cpu clock
[    0.000000] kvm-clock: Using msrs 4b564d01 and 4b564d00
[    0.000000] kvm-clock: using sched offset of 5394401815 cycles
[    0.000000] clocksource: kvm-clock: mask: 0xffffffffffffffff max_cycles: 0x1cd42e4dffb, max_idle_ns: 881590591483 ns
[    0.000000] Zone ranges:
[    0.000000]   DMA      [mem 0x0000000000001000-0x0000000000ffffff]
[    0.000000]   DMA32    [mem 0x0000000001000000-0x000000003ffeffff]
[    0.000000]   Normal   empty
[    0.000000]   Device   empty
[    0.000000] Movable zone start for each node
[    0.000000] Early memory node ranges
[    0.000000]   node   0: [mem 0x0000000000001000-0x000000000009efff]
[    0.000000]   node   0: [mem 0x0000000000100000-0x000000003ffeffff]
[    0.000000] Reserved but unavailable: 98 pages
[    0.000000] Initmem setup node 0 [mem 0x0000000000001000-0x000000003ffeffff]
[    0.000000] ACPI: PM-Timer IO Port: 0x4008
[    0.000000] IOAPIC[0]: apic_id 2, version 32, address 0xfec00000, GSI 0-23
[    0.000000] ACPI: INT_SRC_OVR (bus 0 bus_irq 0 global_irq 2 dfl dfl)
[    0.000000] ACPI: INT_SRC_OVR (bus 0 bus_irq 9 global_irq 9 low level)
[    0.000000] Using ACPI (MADT) for SMP configuration information
[    0.000000] smpboot: Allowing 2 CPUs, 0 hotplug CPUs
[    0.000000] PM: Registered nosave memory: [mem 0x00000000-0x00000fff]
[    0.000000] PM: Registered nosave memory: [mem 0x0009f000-0x0009ffff]
[    0.000000] PM: Registered nosave memory: [mem 0x000a0000-0x000effff]
[    0.000000] PM: Registered nosave memory: [mem 0x000f0000-0x000fffff]
[    0.000000] e820: [mem 0x40000000-0xfebfffff] available for PCI devices
[    0.000000] Booting paravirtualized kernel on KVM
[    0.000000] clocksource: refined-jiffies: mask: 0xffffffff max_cycles: 0xffffffff, max_idle_ns: 7645519600211568 ns
[    0.000000] random: get_random_bytes called from start_kernel+0x99/0x500 with crng_init=0
[    0.000000] setup_percpu: NR_CPUS:8192 nr_cpumask_bits:2 nr_cpu_ids:2 nr_node_ids:1
[    0.000000] percpu: Embedded 45 pages/cpu s147456 r8192 d28672 u1048576
[    0.000000] PV qspinlock hash table entries: 256 (order: 0, 4096 bytes)
[    0.000000] Built 1 zonelists, mobility grouping on.  Total pages: 257913
[    0.000000] Policy zone: DMA32
[    0.000000] Kernel command line: BOOT_IMAGE=/boot/vmlinuz-4.15.0-124-generic root=LABEL=cloudimg-rootfs ro console=tty1 console=ttyS0
[    0.000000] Memory: 983028K/1048120K available (12300K kernel code, 2482K rwdata, 4272K rodata, 2436K init, 2724K bss, 65092K reserved, 0K cma-reserved)
[    0.000000] SLUB: HWalign=64, Order=0-3, MinObjects=0, CPUs=2, Nodes=1
[    0.000000] Kernel/User page tables isolation: enabled
[    0.000000] ftrace: allocating 39402 entries in 154 pages
[    0.004000] Hierarchical RCU implementation.
[    0.004000] 	RCU restricting CPUs from NR_CPUS=8192 to nr_cpu_ids=2.
[    0.004000] 	Tasks RCU enabled.
[    0.004000] RCU: Adjusting geometry for rcu_fanout_leaf=16, nr_cpu_ids=2
[    0.004000] NR_IRQS: 524544, nr_irqs: 440, preallocated irqs: 16
[    0.004000] Console: colour VGA+ 80x25
[    0.004000] console [tty1] enabled
[    0.004000] console [ttyS0] enabled
[    0.004000] ACPI: Core revision 20170831
[    0.004000] ACPI: 2 ACPI AML tables successfully acquired and loaded
[    0.004000] APIC: Switch to symmetric I/O mode setup
[    0.004000] ..TIMER: vector=0x30 apic1=0 pin1=2 apic2=-1 pin2=-1
[    0.004000] tsc: Detected 2111.998 MHz processor
[    0.004011] Calibrating delay loop (skipped) preset value.. 4223.99 BogoMIPS (lpj=8447992)
[    0.008004] pid_max: default: 32768 minimum: 301
[    0.012093] Security Framework initialized
[    0.016003] Yama: becoming mindful.
[    0.020122] AppArmor: AppArmor initialized
[    0.032538] Dentry cache hash table entries: 131072 (order: 8, 1048576 bytes)
[    0.041651] Inode-cache hash table entries: 65536 (order: 7, 524288 bytes)
[    0.044204] Mount-cache hash table entries: 2048 (order: 2, 16384 bytes)
[    0.048113] Mountpoint-cache hash table entries: 2048 (order: 2, 16384 bytes)
[    0.057208] Last level iTLB entries: 4KB 64, 2MB 8, 4MB 8
[    0.060003] Last level dTLB entries: 4KB 64, 2MB 0, 4MB 0, 1GB 4
[    0.064004] Spectre V1 : Mitigation: usercopy/swapgs barriers and __user pointer sanitization
[    0.068006] Spectre V2 : Mitigation: Full generic retpoline
[    0.072003] Spectre V2 : Spectre v2 / SpectreRSB mitigation: Filling RSB on context switch
[    0.076003] Speculative Store Bypass: Vulnerable
[    0.084037] MDS: Mitigation: Clear CPU buffers
[    0.088175] Freeing SMP alternatives memory: 36K
[    0.225767] APIC calibration not consistent with PM-Timer: 110ms instead of 100ms
[    0.228000] APIC delta adjusted to PM-Timer: 6433048 (7082097)
[    0.228525] smpboot: CPU0: Intel(R) Core(TM) i7-8650U CPU @ 1.90GHz (family: 0x6, model: 0x8e, stepping: 0xa)
[    0.236347] Performance Events: unsupported p6 CPU model 142 no PMU driver, software events only.
[    0.240166] Hierarchical SRCU implementation.
[    0.245243] NMI watchdog: Perf event create on CPU 0 failed with -2
[    0.252005] NMI watchdog: Perf NMI watchdog permanently disabled
[    0.260065] smp: Bringing up secondary CPUs ...
[    0.269572] x86: Booting SMP configuration:
[    0.272029] .... node  #0, CPUs:      #1
[    0.004000] kvm-clock: cpu 1, msr 0:3ff44041, secondary cpu clock
[    0.284000] TSC synchronization [CPU#0 -> CPU#1]:
[    0.284000] Measured 28136 cycles TSC warp between CPUs, turning off TSC clock.
[    0.284000] tsc: Marking TSC unstable due to check_tsc_sync_source failed
[    0.292366] smp: Brought up 1 node, 2 CPUs
[    0.296005] smpboot: Max logical packages: 1
[    0.300003] smpboot: Total of 2 processors activated (8447.99 BogoMIPS)
[    0.304846] devtmpfs: initialized
[    0.308213] x86/mm: Memory block size: 128MB
[    0.312583] evm: security.selinux
[    0.316005] evm: security.SMACK64
[    0.320002] evm: security.SMACK64EXEC
[    0.324002] evm: security.SMACK64TRANSMUTE
[    0.328004] evm: security.SMACK64MMAP
[    0.332002] evm: security.apparmor
[    0.336002] evm: security.ima
[    0.339273] evm: security.capability
[    0.340688] clocksource: jiffies: mask: 0xffffffff max_cycles: 0xffffffff, max_idle_ns: 7645041785100000 ns
[    0.344008] futex hash table entries: 512 (order: 3, 32768 bytes)
[    0.348645] pinctrl core: initialized pinctrl subsystem
[    0.352494] RTC time:  6:45:54, date: 12/03/20
[    0.357697] NET: Registered protocol family 16
[    0.360149] audit: initializing netlink subsys (disabled)
[    0.364290] audit: type=2000 audit(1606977960.863:1): state=initialized audit_enabled=0 res=1
[    0.380008] cpuidle: using governor ladder
[    0.384008] cpuidle: using governor menu
[    0.388050] ACPI: bus type PCI registered
[    0.392003] acpiphp: ACPI Hot Plug PCI Controller Driver version: 0.5
[    0.400112] PCI: Using configuration type 1 for base access
[    0.412297] HugeTLB registered 2.00 MiB page size, pre-allocated 0 pages
[    0.421024] ACPI: Added _OSI(Module Device)
[    0.424008] ACPI: Added _OSI(Processor Device)
[    0.428003] ACPI: Added _OSI(3.0 _SCP Extensions)
[    0.432003] ACPI: Added _OSI(Processor Aggregator Device)
[    0.436004] ACPI: Added _OSI(Linux-Dell-Video)
[    0.440004] ACPI: Added _OSI(Linux-Lenovo-NV-HDMI-Audio)
[    0.444005] ACPI: Added _OSI(Linux-HPI-Hybrid-Graphics)
[    0.449024] ACPI: Executed 1 blocks of module-level executable AML code
[    0.460211] ACPI: Interpreter enabled
[    0.464015] ACPI: (supports S0 S5)
[    0.468005] ACPI: Using IOAPIC for interrupt routing
[    0.472458] PCI: Using host bridge windows from ACPI; if necessary, use "pci=nocrs" and report a bug
[    0.476367] ACPI: Enabled 2 GPEs in block 00 to 07
[    0.498577] ACPI: PCI Root Bridge [PCI0] (domain 0000 [bus 00-ff])
[    0.500016] acpi PNP0A03:00: _OSC: OS supports [ASPM ClockPM Segments MSI]
[    0.508506] acpi PNP0A03:00: _OSC: not requesting OS control; OS requires [ExtendedConfig ASPM ClockPM MSI]
[    0.512022] acpi PNP0A03:00: fail to add MMCONFIG information, can't access extended PCI configuration space under this bridge.
[    0.520320] PCI host bridge to bus 0000:00
[    0.524012] pci_bus 0000:00: root bus resource [io  0x0000-0x0cf7 window]
[    0.528009] pci_bus 0000:00: root bus resource [io  0x0d00-0xffff window]
[    0.532009] pci_bus 0000:00: root bus resource [mem 0x000a0000-0x000bffff window]
[    0.536007] pci_bus 0000:00: root bus resource [mem 0x40000000-0xfdffffff window]
[    0.540009] pci_bus 0000:00: root bus resource [bus 00-ff]
[    0.555288] pci 0000:00:01.1: legacy IDE quirk: reg 0x10: [io  0x01f0-0x01f7]
[    0.556007] pci 0000:00:01.1: legacy IDE quirk: reg 0x14: [io  0x03f6]
[    0.560004] pci 0000:00:01.1: legacy IDE quirk: reg 0x18: [io  0x0170-0x0177]
[    0.564006] pci 0000:00:01.1: legacy IDE quirk: reg 0x1c: [io  0x0376]
[    0.631349] pci 0000:00:07.0: quirk: [io  0x4000-0x403f] claimed by PIIX4 ACPI
[    0.632049] pci 0000:00:07.0: quirk: [io  0x4100-0x410f] claimed by PIIX4 SMB
[    0.649742] ACPI: PCI Interrupt Link [LNKA] (IRQs 5 9 10 *11)
[    0.652619] ACPI: PCI Interrupt Link [LNKB] (IRQs 5 9 *10 11)
[    0.656267] ACPI: PCI Interrupt Link [LNKC] (IRQs 5 *9 10 11)
[    0.660230] ACPI: PCI Interrupt Link [LNKD] (IRQs 5 9 10 *11)
[    0.668704] SCSI subsystem initialized
[    0.672436] pci 0000:00:02.0: vgaarb: setting as boot VGA device
[    0.676000] pci 0000:00:02.0: vgaarb: VGA device added: decodes=io+mem,owns=io+mem,locks=none
[    0.676007] pci 0000:00:02.0: vgaarb: bridge control possible
[    0.680002] vgaarb: loaded
[    0.684086] ACPI: bus type USB registered
[    0.688050] usbcore: registered new interface driver usbfs
[    0.692021] usbcore: registered new interface driver hub
[    0.696153] usbcore: registered new device driver usb
[    0.704404] EDAC MC: Ver: 3.0.0
[    0.712433] PCI: Using ACPI for IRQ routing
[    0.720843] NetLabel: Initializing
[    0.724002] NetLabel:  domain hash size = 128
[    0.728002] NetLabel:  protocols = UNLABELED CIPSOv4 CALIPSO
[    0.732021] NetLabel:  unlabeled traffic allowed by default
[    0.736424] clocksource: Switched to clocksource kvm-clock
[    0.817960] VFS: Disk quotas dquot_6.6.0
[    0.821757] VFS: Dquot-cache hash table entries: 512 (order 0, 4096 bytes)
[    0.821757] AppArmor: AppArmor Filesystem Enabled
[    0.821757] pnp: PnP ACPI init
[    0.821757] pnp: PnP ACPI: found 3 devices
[    0.898216] clocksource: acpi_pm: mask: 0xffffff max_cycles: 0xffffff, max_idle_ns: 2085701024 ns
[    0.900388] NET: Registered protocol family 2
[    0.914182] TCP established hash table entries: 8192 (order: 4, 65536 bytes)
[    0.923887] TCP bind hash table entries: 8192 (order: 5, 131072 bytes)
[    0.932592] TCP: Hash tables configured (established 8192 bind 8192)
[    0.935676] UDP hash table entries: 512 (order: 2, 16384 bytes)
[    0.935676] UDP-Lite hash table entries: 512 (order: 2, 16384 bytes)
[    0.935676] NET: Registered protocol family 1
[    0.935676] pci 0000:00:00.0: Limiting direct PCI/PCI transfers
[    0.935676] pci 0000:00:01.0: Activating ISA DMA hang workarounds
[    0.935676] pci 0000:00:02.0: Video device with shadowed ROM at [mem 0x000c0000-0x000dffff]
[    0.935676] Unpacking initramfs...
[    1.674594] Freeing initrd memory: 19220K
[    1.680409] clocksource: tsc: mask: 0xffffffffffffffff max_cycles: 0x1e71768ef8b, max_idle_ns: 440795218977 ns
[    1.692719] platform rtc_cmos: registered platform RTC device (no PNP device found)
[    1.701572] Scanning for low memory corruption every 60 seconds
[    1.710464] Initialise system trusted keyrings
[    1.716325] Key type blacklist registered
[    1.721433] workingset: timestamp_bits=36 max_order=18 bucket_order=0
[    1.735465] zbud: loaded
[    1.741393] squashfs: version 4.0 (2009/01/31) Phillip Lougher
[    1.749895] fuse init (API version 7.26)
[    1.781748] Key type asymmetric registered
[    1.786235] Asymmetric key parser 'x509' registered
[    1.791918] Block layer SCSI generic (bsg) driver version 0.4 loaded (major 246)
[    1.802096] io scheduler noop registered
[    1.807263] io scheduler deadline registered
[    1.812797] io scheduler cfq registered (default)
[    1.819241] ACPI: AC Adapter [AC] (on-line)
[    1.824854] input: Power Button as /devices/LNXSYSTM:00/LNXPWRBN:00/input/input0
[    1.833748] ACPI: Power Button [PWRF]
[    1.838863] input: Sleep Button as /devices/LNXSYSTM:00/LNXSLPBN:00/input/input1
[    1.847854] ACPI: Sleep Button [SLPF]
[    1.855454] ACPI: Battery Slot [BAT0] (battery present)
[    1.856786] Serial: 8250/16550 driver, 32 ports, IRQ sharing enabled
[    1.904877] 00:02: ttyS0 at I/O 0x3f8 (irq = 4, base_baud = 115200) is a 16550A
[    1.918034] Linux agpgart interface v0.103
[    1.929653] loop: module loaded
[    1.936913] scsi host0: ata_piix
[    1.942670] scsi host1: ata_piix
[    1.947522] ata1: PATA max UDMA/33 cmd 0x1f0 ctl 0x3f6 bmdma 0xd000 irq 14
[    1.955889] ata2: PATA max UDMA/33 cmd 0x170 ctl 0x376 bmdma 0xd008 irq 15
[    1.965974] libphy: Fixed MDIO Bus: probed
[    1.972021] tun: Universal TUN/TAP device driver, 1.6
[    1.978901] PPP generic driver version 2.4.2
[    1.984558] ehci_hcd: USB 2.0 'Enhanced' Host Controller (EHCI) Driver
[    1.991883] ehci-pci: EHCI PCI platform driver
[    1.997972] ehci-platform: EHCI generic platform driver
[    2.006406] ohci_hcd: USB 1.1 'Open' Host Controller (OHCI) Driver
[    2.014655] ohci-pci: OHCI PCI platform driver
[    2.020199] ohci-platform: OHCI generic platform driver
[    2.026576] uhci_hcd: USB Universal Host Controller Interface driver
[    2.034028] i8042: PNP: PS/2 Controller [PNP0303:PS2K,PNP0f03:PS2M] at 0x60,0x64 irq 1,12
[    2.047995] serio: i8042 KBD port at 0x60,0x64 irq 1
[    2.054394] serio: i8042 AUX port at 0x60,0x64 irq 12
[    2.062897] mousedev: PS/2 mouse device common for all mice
[    2.071701] input: AT Translated Set 2 keyboard as /devices/platform/i8042/serio0/input/input2
[    2.085943] rtc_cmos rtc_cmos: rtc core: registered rtc_cmos as rtc0
[    2.095036] rtc_cmos rtc_cmos: alarms up to one day, 114 bytes nvram
[    2.101505] i2c /dev entries driver
[    2.105397] device-mapper: uevent: version 1.0.3
[    2.112285] device-mapper: ioctl: 4.37.0-ioctl (2017-09-20) initialised: dm-devel@redhat.com
[    2.121620] ledtrig-cpu: registered to indicate activity on CPUs
[    2.160380] NET: Registered protocol family 10
[    2.170181] Segment Routing with IPv6
[    2.174668] NET: Registered protocol family 17
[    2.180294] Key type dns_resolver registered
[    2.197793] mce: Using 0 MCE banks
[    2.201923] RAS: Correctable Errors collector initialized.
[    2.205802] sched_clock: Marking stable (2201802217, 0)->(3281767324, -1079965107)
[    2.222057] registered taskstats version 1
[    2.227174] Loading compiled-in X.509 certificates
[    2.238060] Loaded X.509 cert 'Build time autogenerated kernel key: be62403dcace2d46f96dafa9f42421c610ef3c2a'
[    2.249470] zswap: loaded using pool lzo/zbud
[    2.264652] Key type big_key registered
[    2.268761] Key type trusted registered
[    2.277153] Key type encrypted registered
[    2.281455] AppArmor: AppArmor sha1 policy hashing enabled
[    2.287395] ima: No TPM chip found, activating TPM-bypass! (rc=-19)
[    2.295717] ima: Allocated hash algorithm: sha1
[    2.301203] evm: HMAC attrs: 0x1
[    2.305822]   Magic number: 0:133:771
[    2.310732] rtc_cmos rtc_cmos: setting system clock to 2020-12-03 06:45:56 UTC (1606977956)
[    2.321050] BIOS EDD facility v0.16 2004-Jun-25, 0 devices found
[    2.328617] EDD information not available.
[    2.337257] Freeing unused kernel image memory: 2436K
[    2.365092] Write protecting the kernel read-only data: 20480k
[    2.372936] Freeing unused kernel image memory: 2008K
[    2.379397] Freeing unused kernel image memory: 1872K
[    2.391075] x86/mm: Checked W+X mappings: passed, no W+X pages found.
[    2.397751] x86/mm: Checking user space page tables
[    2.407559] x86/mm: Checked W+X mappings: passed, no W+X pages found.
Loading, please wait...
starting version 237
[    2.511654] e1000: Intel(R) PRO/1000 Network Driver - version 7.3.21-k8-NAPI
[    2.520645] e1000: Copyright (c) 1999-2006 Intel Corporation.
[    2.546326] Fusion MPT base driver 3.04.20
[    2.552443] Copyright (c) 1999-2008 LSI Corporation
[    2.604094] Fusion MPT SPI Host driver 3.04.20
[    2.861532] input: ImExPS/2 Generic Explorer Mouse as /devices/platform/i8042/serio1/input/input4
[    3.570763] e1000 0000:00:03.0 eth0: (PCI:33MHz:32-bit) 02:1d:48:b0:d5:b9
[    3.579892] e1000 0000:00:03.0 eth0: Intel(R) PRO/1000 Network Connection
[    3.590503] mptbase: ioc0: Initiating bringup
[    3.719506] ioc0: LSI53C1030 A0: Capabilities={Initiator}
[    4.720940] scsi host2: ioc0: LSI53C1030 A0, FwRev=00000000h, Ports=1, MaxQ=256, IRQ=20
[    5.562448] scsi 2:0:0:0: Direct-Access     VBOX     HARDDISK         1.0  PQ: 0 ANSI: 5
[    6.144832] scsi target2:0:0: Beginning Domain Validation
[    6.162655] scsi target2:0:0: Domain Validation skipping write tests
[    6.170584] scsi target2:0:0: Ending Domain Validation
[    6.178032] random: fast init done
[    6.178082] scsi target2:0:0: asynchronous
[    6.192814] scsi 2:0:1:0: Direct-Access     VBOX     HARDDISK         1.0  PQ: 0 ANSI: 5
[    6.348602] scsi target2:0:1: Beginning Domain Validation
[    6.375438] scsi target2:0:1: Domain Validation skipping write tests
[    6.383685] scsi target2:0:1: Ending Domain Validation
[    6.391554] scsi target2:0:1: asynchronous
[    6.415100] sd 2:0:0:0: Attached scsi generic sg0 type 0
[    6.416666] random: systemd-udevd: uninitialized urandom read (16 bytes read)
[    6.423152] sd 2:0:1:0: Attached scsi generic sg1 type 0
[    6.432817] sd 2:0:0:0: [sda] 20971520 512-byte logical blocks: (10.7 GB/10.0 GiB)
[    6.441395] e1000 0000:00:08.0 eth1: (PCI:33MHz:32-bit) 08:00:27:68:d8:01
[    6.449067] random: systemd-udevd: uninitialized urandom read (16 bytes read)
[    6.457541] e1000 0000:00:08.0 eth1: Intel(R) PRO/1000 Network Connection
[    6.478376] random: systemd-udevd: uninitialized urandom read (16 bytes read)
[    6.478444] sd 2:0:1:0: [sdb] 20480 512-byte logical blocks: (10.5 MB/10.0 MiB)
[    6.488724] e1000 0000:00:03.0 enp0s3: renamed from eth0
[    6.496730] sd 2:0:0:0: [sda] Write Protect is off
[    6.510478] sd 2:0:1:0: [sdb] Write Protect is off
[    6.517969] sd 2:0:0:0: [sda] Incomplete mode parameter data
[    6.525471] sd 2:0:0:0: [sda] Assuming drive cache: write through
[    6.535478] sd 2:0:1:0: [sdb] Incomplete mode parameter data
[    6.545367] sd 2:0:1:0: [sdb] Assuming drive cache: write through
[    6.555155] e1000 0000:00:08.0 enp0s8: renamed from eth1
[    6.570659]  sda: sda1
[    6.581693] sd 2:0:0:0: [sda] Attached SCSI disk
[    6.589034] sd 2:0:1:0: [sdb] Attached SCSI disk
Begin: Loading essential drivers ... [    9.559430] raid6: sse2x1   gen() 234204 MB/s
[   11.557482] raid6: sse2x1   xor() 206061 MB/s
[   13.557458] raid6: sse2x2   gen() 351043 MB/s
[   13.614094] raid6: sse2x2   xor() 10584 MB/s
[   13.678446] raid6: sse2x4   gen() 21816 MB/s
[   13.732176] raid6: sse2x4   xor() 10994 MB/s
[   13.737163] raid6: using algorithm sse2x2 gen() 351043 MB/s
[   13.743639] raid6: .... xor() 10584 MB/s, rmw enabled
[   13.750200] raid6: using ssse3x2 recovery algorithm
[   13.758824] xor: measuring software checksum speed
[   13.804296]    prefetch64-sse: 19626.000 MB/sec
[   13.848293]    generic_sse: 21932.000 MB/sec
[   13.853359] xor: using function: generic_sse (21932.000 MB/sec)
[   13.862416] async_tx: api initialized (async)
done.
Begin: Running /scripts/init-premount ... done.
Begin: Mounting root file system ... Begin: Running /scripts/local-top ... done.
Begin: Running /scripts/local-premount ... [   13.934494] Btrfs loaded, crc32c=crc32c-intel
Scanning for Btrfs filesystems
done.
Warning: fsck not present, so skipping root file system
[   14.003391] EXT4-fs (sda1): mounted filesystem with ordered data mode. Opts: (null)
done.
Begin: Running /scripts/local-bottom ... done.
Begin: Running /scripts/init-bottom ... done.
[   14.298764] ip_tables: (C) 2000-2006 Netfilter Core Team
[   14.328620] systemd[1]: systemd 237 running in system mode. (+PAM +AUDIT +SELINUX +IMA +APPARMOR +SMACK +SYSVINIT +UTMP +LIBCRYPTSETUP +GCRYPT +GNUTLS +ACL +XZ +LZ4 +SECCOMP +BLKID +ELFUTILS +KMOD -IDN2 +IDN -PCRE2 default-hierarchy=hybrid)
[   14.349694] systemd[1]: Detected virtualization oracle.
[   14.355334] systemd[1]: Detected architecture x86-64.

Welcome to [1mUbuntu 18.04.5 LTS[0m!

[   14.398947] systemd[1]: Set hostname to <ubuntu>.
[   14.419312] systemd[1]: Initializing machine ID from random generator.
[   14.426173] systemd[1]: Installed transient /etc/machine-id file.
[   14.886952] systemd[1]: Set up automount Arbitrary Executable File Formats File System Automount Point.
[[0;32m  OK  [0m] Set up automount Arbitrary Executabâ€¦rmats File System Automount Point.
[   14.906329] systemd[1]: Started Forward Password Requests to Wall Directory Watch.
[[0;32m  OK  [0m] Started Forward Password Requests to Wall Directory Watch.
[   14.934460] systemd[1]: Created slice User and Session Slice.
[[0;32m  OK  [0m] Created slice User and Session Slice.
[   14.945166] systemd[1]: Created slice System Slice.
[[0;32m  OK  [0m] Created slice System Slice.
[[0;32m  OK  [0m] Listening on udev Kernel Socket.
[[0;32m  OK  [0m] Listening on Journal Socket (/dev/log).
[[0;32m  OK  [0m] Listening on udev Control Socket.
[[0;32m  OK  [0m] Listening on Syslog Socket.
[[0;32m  OK  [0m] Reached target Swap.
[[0;32m  OK  [0m] Listening on LVM2 poll daemon socket.
[[0;32m  OK  [0m] Listening on Network Service Netlink Socket.
[[0;32m  OK  [0m] Reached target Slices.
[[0;32m  OK  [0m] Listening on LVM2 metadata daemon socket.
[[0;32m  OK  [0m] Created slice system-serial\x2dgetty.slice.
[[0;32m  OK  [0m] Reached target System Time Synchronized.
[[0;32m  OK  [0m] Reached target User and Group Name Lookups.
[[0;32m  OK  [0m] Listening on /dev/initctl Compatibility Named Pipe.
[[0;32m  OK  [0m] Listening on Journal Socket.
         Mounting POSIX Message Queue File System...
         Starting Uncomplicated firewall...
         Starting Set the console keyboard layout...
         Starting Load Kernel Modules...
         Starting udev Coldplug all Devices...
[   15.041320] Loading iSCSI transport class v2.0-870.
[[0;32m  OK  [0m] Listening on Device-mapper event daemon FIFOs.
         Starting Monitoring of LVM2 mirrorsâ€¦ng dmeventd or progress polling...
         Starting Create list of required stâ€¦ce nodes for the current kernel...
         Starting Remount Root and Kernel File Systems...
         Mounting Kernel Debug File System...
[[0;32m  OK  [0m] Listening on Journal Audit Socket.
         Starting Journal Service...
         Mounting Huge Pages File System...
[[0;32m  OK  [0m] Mounted POSIX Message Queue File System.
[[0;32m  OK  [0m] Started Uncomplicated firewall.
[[0;32m  OK  [0m] Mounted Kernel Debug File System.
[[0;32m  OK  [0m] Mounted Huge Pages File System.
[[0;32m  OK  [0m] Started Create list of required staâ€¦vice nodes for the current kernel.
         Starting Create Static Device Nodes in /dev...
[   15.182430] iscsi: registered transport (tcp)
[[0;32m  OK  [0m] Started LVM2 metadata daemon.
[[0;32m  OK  [0m] Started udev Coldplug all Devices.
[[0;32m  OK  [0m] Started Create Static Device Nodes in /dev.
[   15.262890] EXT4-fs (sda1): re-mounted. Opts: (null)
[[0;32m  OK  [0m] Started Remount Root and Kernel File Systems.
         Starting udev Kernel Device Manager...
         Starting Load/Save Random Seed...
[[0;32m  OK  [0m] Started Journal Service.
         Starting Flush Journal to Persistent Storage...
[[0;32m  OK  [0m] Started Monitoring of LVM2 mirrors,â€¦sing dmeventd or progress polling.
[[0;32m  OK  [0m] Started Set the console keyboard layout.
[[0;32m  OK  [0m] Started Load/Save Random Seed.
[[0;32m  OK  [0m] Reached target Local File Systems (Pre).
[[0;32m  OK  [0m] Reached target Local File Systems.
         Starting Commit a transient machine-id on disk...
         Starting ebtables ruleset management...
         Starting Tell Plymouth To Write Out Runtime Data...
         Starting Set console font and keymap...
         Starting AppArmor initialization...
[   15.411435] systemd-journald[404]: Received request to flush runtime journal from PID 1
[   15.424533] iscsi: registered transport (iser)
[[0;32m  OK  [0m] Started Load Kernel Modules.
         Mounting FUSE Control File System...
         Mounting Kernel Configuration File System...
         Starting Apply Kernel Variables...
[[0;32m  OK  [0m] Mounted FUSE Control File System.
[[0;32m  OK  [0m] Mounted Kernel Configuration File System.
[[0;32m  OK  [0m] Started Tell Plymouth To Write Out Runtime Data.
[[0;32m  OK  [0m] Started Set console font and keymap.
[[0;32m  OK  [0m] Started udev Kernel Device Manager.
[[0;32m  OK  [0m] Started Dispatch Password Requests to Console Directory Watch.
[[0;32m  OK  [0m] Reached target Local Encrypted Volumes.
[[0;32m  OK  [0m] Started Apply Kernel Variables.
[[0;32m  OK  [0m] Started Commit a transient machine-id on disk.
[[0;32m  OK  [0m] Started Flush Journal to Persistent Storage.
         Starting Create Volatile Files and Directories...
[[0;32m  OK  [0m] Started ebtables ruleset management.
[[0;32m  OK  [0m] Started Create Volatile Files and Directories.
         Starting Update UTMP about System Boot/Shutdown...
[[0;32m  OK  [0m] Started Update UTMP about System Boot/Shutdown.
[[0;32m  OK  [0m] Found device /dev/ttyS0.
[[0;32m  OK  [0m] Listening on Load/Save RF Kill Switch Status /dev/rfkill Watch.
[[0;32m  OK  [0m] Started AppArmor initialization.
         Starting Initial cloud-init job (pre-networking)...
         Starting Load AppArmor profiles managed internally by snapd...
[[0;32m  OK  [0m] Started Load AppArmor profiles managed internally by snapd.
[   18.558187] cloud-init[561]: Cloud-init v. 20.3-2-g371b392c-0ubuntu1~18.04.1 running 'init-local' at Thu, 03 Dec 2020 06:46:12 +0000. Up 18.09 seconds.
[[0;32m  OK  [0m] Started Initial cloud-init job (pre-networking).
[[0;32m  OK  [0m] Reached target Network (Pre).
         Starting Network Service...
[[0;32m  OK  [0m] Started Network Service.
         Starting Network Name Resolution...
         Starting Wait for Network to be Configured...
[[0;32m  OK  [0m] Started Network Name Resolution.
[[0;32m  OK  [0m] Reached target Host and Network Name Lookups.
[[0;32m  OK  [0m] Reached target Network.
[[0;32m  OK  [0m] Started Wait for Network to be Configured.
         Starting Initial cloud-init job (metadata service crawler)...
[   21.209411] cloud-init[693]: Cloud-init v. 20.3-2-g371b392c-0ubuntu1~18.04.1 running 'init' at Thu, 03 Dec 2020 06:46:15 +0000. Up 21.08 seconds.
[   21.216530] cloud-init[693]: ci-info: ++++++++++++++++++++++++++++++++++++++Net device info+++++++++++++++++++++++++++++++++++++++
[   21.221551] cloud-init[693]: ci-info: +--------+-------+----------------------------+---------------+--------+-------------------+
[   21.226759] cloud-init[693]: ci-info: | Device |   Up  |          Address           |      Mask     | Scope  |     Hw-Address    |
[   21.232558] cloud-init[693]: ci-info: +--------+-------+----------------------------+---------------+--------+-------------------+
[   21.238028] cloud-init[693]: ci-info: | enp0s3 |  True |         10.0.2.15          | 255.255.255.0 | global | 02:1d:48:b0:d5:b9 |
[   21.243300] cloud-init[693]: ci-info: | enp0s3 |  True | fe80::1d:48ff:feb0:d5b9/64 |       .       |  link  | 02:1d:48:b0:d5:b9 |
[   21.248496] cloud-init[693]: ci-info: | enp0s8 | False |             .              |       .       |   .    | 08:00:27:68:d8:01 |
[   21.253482] cloud-init[693]: ci-info: |   lo   |  True |         127.0.0.1          |   255.0.0.0   |  host  |         .         |
[   21.258767] cloud-init[693]: ci-info: |   lo   |  True |          ::1/128           |       .       |  host  |         .         |
[   21.263829] cloud-init[693]: ci-info: +--------+-------+----------------------------+---------------+--------+-------------------+
[   21.268976] cloud-init[693]: ci-info: ++++++++++++++++++++++++++++Route IPv4 info+++++++++++++++++++++++++++++
[   21.273379] cloud-init[693]: ci-info: +-------+-------------+----------+-----------------+-----------+-------+
[   21.278213] cloud-init[693]: ci-info: | Route | Destination | Gateway  |     Genmask     | Interface | Flags |
[   21.282628] cloud-init[693]: ci-info: +-------+-------------+----------+-----------------+-----------+-------+
[   21.287019] cloud-init[693]: ci-info: |   0   |   0.0.0.0   | 10.0.2.2 |     0.0.0.0     |   enp0s3  |   UG  |
[   21.291607] cloud-init[693]: ci-info: |   1   |   10.0.2.0  | 0.0.0.0  |  255.255.255.0  |   enp0s3  |   U   |
[   21.296079] cloud-init[693]: ci-info: |   2   |   10.0.2.2  | 0.0.0.0  | 255.255.255.255 |   enp0s3  |   UH  |
[   21.300537] cloud-init[693]: ci-info: +-------+-------------+----------+-----------------+-----------+-------+
[   21.305104] cloud-init[693]: ci-info: +++++++++++++++++++Route IPv6 info+++++++++++++++++++
[   21.309398] cloud-init[693]: ci-info: +-------+-------------+---------+-----------+-------+
[   21.313068] cloud-init[693]: ci-info: | Route | Destination | Gateway | Interface | Flags |
[   21.318405] cloud-init[693]: ci-info: +-------+-------------+---------+-----------+-------+
[   21.322286] cloud-init[693]: ci-info: |   1   |  fe80::/64  |    ::   |   enp0s3  |   U   |
[   21.326109] cloud-init[693]: ci-info: |   3   |    local    |    ::   |   enp0s3  |   U   |
[   21.329801] cloud-init[693]: ci-info: |   4   |   ff00::/8  |    ::   |   enp0s3  |   U   |
[   21.333493] cloud-init[693]: ci-info: +-------+-------------+---------+-----------+-------+
[   22.231770] cloud-init[693]: Generating public/private rsa key pair.
[   22.235193] cloud-init[693]: Your identification has been saved in /etc/ssh/ssh_host_rsa_key.
[   22.238977] cloud-init[693]: Your public key has been saved in /etc/ssh/ssh_host_rsa_key.pub.
[   22.243088] cloud-init[693]: The key fingerprint is:
[   22.245543] cloud-init[693]: SHA256:PBw7y/WABh94uUaxRZdI9cE8TXewyrAzwxdPBRwFVng root@ubuntu-bionic
[   22.249618] cloud-init[693]: The key's randomart image is:
[   22.252089] cloud-init[693]: +---[RSA 2048]----+
[   22.254616] cloud-init[693]: |        .o+oo=B@B|
[   22.256736] cloud-init[693]: |       . =...o*+E|
[   22.259417] cloud-init[693]: |      o B . . +o |
[   22.261581] cloud-init[693]: |       B B + =   |
[   22.263823] cloud-init[693]: |        S O + .  |
[   22.266180] cloud-init[693]: |       + = B     |
[   22.268698] cloud-init[693]: |        o   .    |
[   22.271039] cloud-init[693]: |                 |
[   22.273536] cloud-init[693]: |                 |
[   22.275961] cloud-init[693]: +----[SHA256]-----+
[   22.278095] cloud-init[693]: Generating public/private dsa key pair.
[   22.281030] cloud-init[693]: Your identification has been saved in /etc/ssh/ssh_host_dsa_key.
[   22.284818] cloud-init[693]: Your public key has been saved in /etc/ssh/ssh_host_dsa_key.pub.
[   22.288612] cloud-init[693]: The key fingerprint is:
[   22.291156] cloud-init[693]: SHA256:CLimkaWCnQ9K1VWREGuj256F8X/Sfz9pyF+ZV5D8nYc root@ubuntu-bionic
[   22.295256] cloud-init[693]: The key's randomart image is:
[   22.297812] cloud-init[693]: +---[DSA 1024]----+
[   22.300016] cloud-init[693]: |       ++oo      |
[   22.302119] cloud-init[693]: |   .. . ..   . . |
[   22.304553] cloud-init[693]: |  o... +      +  |
[   22.306674] cloud-init[693]: |.=.o .o..      +o|
[   22.309209] cloud-init[693]: |*.*  ...S     E.=|
[   22.311751] cloud-init[693]: |o= o  o +       =|
[   22.314064] cloud-init[693]: |o   .. o o  o .o+|
[   22.316511] cloud-init[693]: |      . o .. = ++|
[   22.318560] cloud-init[693]: |       o   .o +o=|
[   22.320659] cloud-init[693]: +----[SHA256]-----+
[   22.322982] cloud-init[693]: Generating public/private ecdsa key pair.
[   22.326042] cloud-init[693]: Your identification has been saved in /etc/ssh/ssh_host_ecdsa_key.
[   22.330472] cloud-init[693]: Your public key has been saved in /etc/ssh/ssh_host_ecdsa_key.pub.
[   22.334485] cloud-init[693]: The key fingerprint is:
[   22.336907] cloud-init[693]: SHA256:V7vaTFnNeTd89ktdVnqQHOvp27W9Hyk8wxFNkN1n+Bo root@ubuntu-bionic
[   22.341115] cloud-init[693]: The key's randomart image is:
[   22.343585] cloud-init[693]: +---[ECDSA 256]---+
[   22.345729] cloud-init[693]: |             .=o.|
[   22.347977] cloud-init[693]: |             o+=+|
[   22.350125] cloud-init[693]: |            ..=+o|
[   22.352436] cloud-init[693]: |           . oE*+|
[   22.354592] cloud-init[693]: |        S . ..=*@|
[   22.356717] cloud-init[693]: |         .  o=o+X|
[   22.359341] cloud-init[693]: |            +*.++|
[   22.361475] cloud-init[693]: |           =  =o*|
[   22.363758] cloud-init[693]: |          . o .+*|
[   22.366115] cloud-init[693]: +----[SHA256]-----+
[   22.368509] cloud-init[693]: Generating public/private ed25519 key pair.
[   22.371520] cloud-init[693]: Your identification has been saved in /etc/ssh/ssh_host_ed25519_key.
[   22.375977] cloud-init[693]: Your public key has been saved in /etc/ssh/ssh_host_ed25519_key.pub.
[   22.383382] cloud-init[693]: The key fingerprint is:
[   22.389251] cloud-init[693]: SHA256:83AUT/rMzWmutQSyiOdQv1k2zmktHwtKiRzEanE5vE0 root@ubuntu-bionic
[   22.397222] cloud-init[693]: The key's randomart image is:
[   22.403191] cloud-init[693]: +--[ED25519 256]--+
[   22.409480] cloud-init[[0;32m  OK  [0m] Started Initial cloud-init job (metadata service crawler).
[693]: |          . .    |
[   22.416993] [[0;32m  OK  [0m] Reached target Network is Online.
cloud-init[[0;32m  OK  [0m] Reached target Remote File Systems (Pre).
[[0;32m  OK  [0m] Reached target Remote File Systems.
         Starting Availability of block devices...
[[0;32m  OK  [0m] Reached target Cloud-config availability.
[[0;32m  OK  [0m] Reached target System Initialization.
[[0;32m  OK  [0m] Started Message of the Day.
[[0;32m  OK  [0m] Listening on ACPID Listen Socket.
         Starting Socket activation for snappy daemon.
[[0;32m  OK  [0m] Started ACPI Events Check.
[[0;32m  OK  [0m] Reached target Paths.
[[0;32m  OK  [0m] Listening on UUID daemon activation socket.
[[0;32m  OK  [0m] Started Discard unused blocks once a week.
[[0;32m  OK  [0m] Started Daily Cleanup of Temporary Directories.
         Starting LXD - unix socket.
[[0;32m  OK  [0m] Listening on D-Bus System Message Bus Socket.
[[0;32m  OK  [0m] Listening on Open-iSCSI iscsid Socket.
[[0;32m  OK  [0m] Started Daily apt download activities.
[[0;32m  OK  [0m] Started Daily apt upgrade and clean activities.
[[0;32m  OK  [0m] Reached target Timers.
[[0;32m  OK  [0m] Listening on Socket activation for snappy daemon.
[[0;32m  OK  [0m] Listening on LXD - unix socket.
[[0;32m  OK  [0m] Reached target Sockets.
[[0;32m  OK  [0m] Reached target Basic System.
[[0;32m  OK  [0m] Started Deferred execution scheduler.
[693]:          Starting Login Service...
         Starting Virtualbox guest utils...
         Starting LXD - container startup/shutdown...
|       o . =     |
[   22.483252] cloud-init[693]: |      . B E .    |
[   22.485713] cloud-init[693]: |       = * + o . |
[   22.487907] cloud-init[693]: |      o S + = =  |
[   22.490070] cloud-init[693]: |     . + X + +   |
[   22.492668] cloud-init[693]: |      o = * =.=  |
[   22.494872] cloud-init[693]: |       + . OoB.+ |
[   22.497396] cloud-init[693]: |        . +.=o+  |
[   22.502887] cloud-init[693]: +----[SHA256]-----+
         Starting Dispatcher daemon for systemd-networkd...
[[0;32m  OK  [0m] Started FUSE filesystem for LXC.
         Starting System Logging Service...
         Starting LSB: Record successful boot for GRUB...
[[0;32m  OK  [0m] Started irqbalance daemon.
         Starting Permit User Sessions...
         Starting LSB: automatic crash report generation...
         Starting Pollinate to seed the pseudo random number generator...
         Starting Accounts Service...
[[0;32m  OK  [0m] Started Regular background program processing daemon.
         Starting Snap Daemon...
[[0;32m  OK  [0m] Started D-Bus System Message Bus.
[[0;32m  OK  [0m] Started System Logging Service.
[[0;32m  OK  [0m] Started Availability of block devices.
[[0;32m  OK  [0m] Started Permit User Sessions.
[[0;32m  OK  [0m] Started Login Service.
[[0;32m  OK  [0m] Started Unattended Upgrades Shutdown.
         Starting Terminate Plymouth Boot Screen...
         Starting Hold until boot process finishes up...
[[0;32m  OK  [0m] Started LXD - container startup/shutdown.
[[0;32m  OK  [0m] Started Hold until boot process finishes up.
[[0;32m  OK  [0m] Started Serial Getty on ttyS0.
         Starting Set console scheme...
[[0;32m  OK  [0m] Started Terminate Plymouth Boot Screen.
[[0;32m  OK  [0m] Started Dispatcher daemon for systemd-networkd.
[[0;32m  OK  [0m] Started Set console scheme.
[[0;32m  OK  [0m] Created slice system-getty.slice.
[[0;32m  OK  [0m] Started Getty on tty1.
[[0;32m  OK  [0m] Reached target Login Prompts.
         Starting Authorization Manager...
[[0;32m  OK  [0m] Started LSB: automatic crash report generation.
[[0;32m  OK  [0m] Started LSB: Record successful boot for GRUB.
[[0;32m  OK  [0m] Started Authorization Manager.
[[0;32m  OK  [0m] Started Accounts Service.
[[0;32m  OK  [0m] Started Virtualbox guest utils.
[[0;1;31mFAILED[0m] Failed to start Snap Daemon.
See 'systemctl status snapd.service' for details.
         Starting Wait until snapd is fully seeded...
[[0;1;31mFAILED[0m] Failed to start Wait until snapd is fully seeded.
See 'systemctl status snapd.seeded.service' for details.
         Starting Apply the settings specified in cloud-config...
[[0;32m  OK  [0m] Stopped Snap Daemon.
         Starting Snap Daemon...
[[0;32m  OK  [0m] Started Pollinate to seed the pseudo random number generator.
         Starting OpenBSD Secure Shell server...
[[0;32m  OK  [0m] Started OpenBSD Secure Shell server.
[[0;32m  OK  [0m] Started Snap Daemon.
[[0;32m  OK  [0m] Reached target Multi-User System.
[[0;32m  OK  [0m] Reached target Graphical Interface.
         Starting Update UTMP about System Runlevel Changes...
[[0;32m  OK  [0m] Started Update UTMP about System Runlevel Changes.
[[0;32m  OK  [0m] Created slice User Slice of vagrant.
         Starting User Manager for UID 1000...
[[0;32m  OK  [0m] Started Session 1 of user vagrant.
[[0;32m  OK  [0m] Started User Manager for UID 1000.
[   25.973893] cloud-init[1065]: Cloud-init v. 20.3-2-g371b392c-0ubuntu1~18.04.1 running 'modules:config' at Thu, 03 Dec 2020 06:46:18 +0000. Up 24.59 seconds.
[[0;32m  OK  [0m] Started Apply the settings specified in cloud-config.
         Starting Execute cloud user/final scripts...
ci-info: no authorized SSH keys fingerprints found for user ubuntu.
<14>Dec  3 06:46:20 ec2: 
<14>Dec  3 06:46:20 ec2: #############################################################
<14>Dec  3 06:46:20 ec2: -----BEGIN SSH HOST KEY FINGERPRINTS-----
<14>Dec  3 06:46:20 ec2: 1024 SHA256:CLimkaWCnQ9K1VWREGuj256F8X/Sfz9pyF+ZV5D8nYc root@ubuntu-bionic (DSA)
<14>Dec  3 06:46:20 ec2: 256 SHA256:V7vaTFnNeTd89ktdVnqQHOvp27W9Hyk8wxFNkN1n+Bo root@ubuntu-bionic (ECDSA)
<14>Dec  3 06:46:20 ec2: 256 SHA256:83AUT/rMzWmutQSyiOdQv1k2zmktHwtKiRzEanE5vE0 root@ubuntu-bionic (ED25519)
<14>Dec  3 06:46:20 ec2: 2048 SHA256:PBw7y/WABh94uUaxRZdI9cE8TXewyrAzwxdPBRwFVng root@ubuntu-bionic (RSA)
<14>Dec  3 06:46:20 ec2: -----END SSH HOST KEY FINGERPRINTS-----
<14>Dec  3 06:46:20 ec2: #############################################################
-----BEGIN SSH HOST KEY KEYS-----
ecdsa-sha2-nistp256 AAAAE2VjZHNhLXNoYTItbmlzdHAyNTYAAAAIbmlzdHAyNTYAAABBBC9ICUckMNw026oUGQ6T7pveWFbHHBn8KScBZzPwGwfEK5Q2M39wtbo67/tFDPQR/QEf8P8QzyOxBM282RhVW6k= root@ubuntu-bionic
ssh-ed25519 AAAAC3NzaC1lZDI1NTE5AAAAICUtZfYr70gbQ1nvokUPksIeGKN+U5BdYg+uWwURgl4t root@ubuntu-bionic
ssh-rsa AAAAB3NzaC1yc2EAAAADAQABAAABAQDBAx2AfFOQae21NbgPJS2uzFs/DsDwCVQlFnE4yjEF7SivBHtZvJ4w+GbPGwx2k0jq6UYK0TVX2EWMMsrucZ5/94pePSxeurm5yU12OVWtcfG9epgstv6nQDPCfmSehuyiFbpghyge9ar+buYc2NRZAN5fBcycCBowI+n3N6IpnOUtKaTMzpsUn340/H+irjpKjK3nwbbedP99s6P8/MZDbnd2D+L1NHKEh+uG3ClxQO0Bc2jcwrKN1jzgiPz2/nOE8OffhyyiGb5g8bbR19K/PCki+nXwhCAPdbGfxTqukNS2zF0wuI2j43vYTmsotKohKFJR1HgpsiGgEp4wstoN root@ubuntu-bionic
-----END SSH HOST KEY KEYS-----
[   26.820710] cloud-init[1224]: Cloud-init v. 20.3-2-g371b392c-0ubuntu1~18.04.1 running 'modules:final' at Thu, 03 Dec 2020 06:46:20 +0000. Up 26.56 seconds.
[   26.828790] cloud-init[1224]: ci-info: no authorized SSH keys fingerprints found for user ubuntu.
[   26.832939] cloud-init[1224]: Cloud-init v. 20.3-2-g371b392c-0ubuntu1~18.04.1 finished at Thu, 03 Dec 2020 06:46:21 +0000. Datasource DataSourceNoCloud [seed=/dev/sdb][dsmode=net].  Up 26.81 seconds
[[0;32m  OK  [0m] Started Execute cloud user/final scripts.
[[0;32m  OK  [0m] Reached target Cloud-init target.

Ubuntu 18.04.5 LTS ubuntu-bionic ttyS0

ubuntu-bionic login: 